* using log directory ‘/home/runner/work/pdm/pdm/..Rcheck’
* using R version 4.3.3 (2024-02-29)
* using platform: x86_64-pc-linux-gnu (64-bit)
* R was compiled by
    gcc (Ubuntu 13.2.0-23ubuntu3) 13.2.0
    GNU Fortran (Ubuntu 13.2.0-23ubuntu3) 13.2.0
* running under: Ubuntu 24.04.3 LTS
* using session charset: UTF-8
* using option ‘--no-manual’
* checking for file ‘./DESCRIPTION’ ... OK
* checking extension type ... Package
* this is package ‘pdm’ version ‘0.1-0’
* package encoding: UTF-8
* checking package namespace information ... OK
* checking package dependencies ... NOTE
Package suggested but not available for checking: ‘testthat’
* checking if this is a source package ... OK
* checking if there is a namespace ... OK
* checking for executable files ... OK
* checking for hidden files and directories ... NOTE
Found the following hidden files and directories:
  .Rprofile.bak
  .gitattributes
  .gitignore
  renv/.gitignore
  ..Rcheck
  .git
These were most likely included in error. See section ‘Package
structure’ in the ‘Writing R Extensions’ manual.
* checking for portable file names ... OK
* checking for sufficient/correct file permissions ... OK
* checking whether package ‘pdm’ can be installed ... OK
* used C compiler: ‘gcc (Ubuntu 13.3.0-6ubuntu2~24.04) 13.3.0’
* checking installed package size ... OK
* checking package directory ... OK
* checking DESCRIPTION meta-information ... NOTE
Checking should be performed on sources prepared by ‘R CMD build’.
* checking top-level files ... OK
* checking for left-over files ... OK
* checking index information ... OK
* checking package subdirectories ... WARNING
Found the following directory with the name of a check directory:
  ./..Rcheck
Most likely, these were included erroneously.
* checking R files for non-ASCII characters ... OK
* checking R files for syntax errors ... OK
* checking whether the package can be loaded ... OK
* checking whether the package can be loaded with stated dependencies ... OK
* checking whether the package can be unloaded cleanly ... OK
* checking whether the namespace can be loaded with stated dependencies ... OK
* checking whether the namespace can be unloaded cleanly ... OK
* checking loading without being on the library search path ... OK
* checking dependencies in R code ... OK
* checking S3 generic/method consistency ... OK
* checking replacement functions ... OK
* checking foreign function calls ... OK
* checking R code for possible problems ... OK
* checking Rd files ... OK
* checking Rd metadata ... OK
* checking Rd cross-references ... OK
* checking for missing documentation entries ... OK
* checking for code/documentation mismatches ... OK
* checking Rd \usage sections ... OK
* checking Rd contents ... OK
* checking for unstated dependencies in examples ... OK
* checking LazyData ... NOTE
  'LazyData' is specified without a 'data' directory
* checking line endings in C/C++/Fortran sources/headers ... NOTE
Found the following sources/headers not terminated with a newline:
  src/mcmc_binomial_localacceleration.c
  src/mcmc_binomial_localacceleration.h
  src/mcmc_binomial_localtrend.c
  src/mcmc_binomial_localtrend.h
Some compilers warn on such files.
* checking compiled code ... OK
* checking examples ... ERROR
Running examples in ‘pdm-Ex.R’ failed
The error most likely occurred in:

> ### Name: mcmc_localacceleration
> ### Title: Gibbs Sampler for a Local-Acceleration Dynamic Model
> ### Aliases: mcmc_localacceleration
> 
> ### ** Examples
> 
> ## Description
> # This example demonstrates how to:
> # 1. Simulate data from a local acceleration dynamic model
> # 2. Use `mcmc_localacceleration` to estimate parameters and latent states
> # 3. Perform a detailed posterior analysis with visualizations
> # 4. Set a seed for reproducibility
> 
> ## Simulation of data
> n <- 1000 # Number of observations to simulate
> 
> # True parameters for simulation:
> theta01_true <- 10         # Initial level (theta[0,1])
> theta02_true <- 0.5        # Initial trend (theta[0,2])
> theta03_true <- 0.01       # Initial acceleration (theta[0,3])
> prec1_true   <- 1 / 0.100  # Level innovation precision (1/W[1])
> prec2_true   <- 1 / 0.010  # Trend innovation precision (1/W[2])
> prec3_true   <- 1 / 0.001  # Acceleration innovation precision (1/W[3])
> prec_y_true  <- 1 / 1.000  # Observation precision (1/V)
> 
> # Use a fixed seed for data simulation
> set.seed(123)
> 
> # Generate noise terms:
> u1      <- rnorm(n, sd = sqrt(1 / prec1_true))  # Level noise
> u2      <- rnorm(n, sd = sqrt(1 / prec2_true))  # Trend noise
> u3      <- rnorm(n, sd = sqrt(1 / prec3_true))  # Acceleration noise
> epsilon <- rnorm(n, sd = sqrt(1 / prec_y_true)) # Observation noise
> 
> # Simulate latent states and observations:
> theta1_true    <- numeric(n)
> theta2_true    <- numeric(n)
> theta3_true    <- numeric(n)
> theta3_true[1] <- theta03_true + u3[1]
> theta2_true[1] <- theta02_true + theta03_true + u2[1]
> theta1_true[1] <- theta01_true + theta02_true + u1[1]
> for (t in 2:n) {
+   theta3_true[t] <- theta3_true[t-1] + u3[t]
+   theta2_true[t] <- theta2_true[t-1] + theta3_true[t-1] + u2[t]
+   theta1_true[t] <- theta1_true[t-1] + theta2_true[t-1] + u1[t]
+ }
> y <- theta1_true + epsilon # Observed data
> 
> ## Running the Gibbs sampler
> # Run the Gibbs sampler with specified priors and a seed
> out <- mcmc_localacceleration(
+   y,
+   burnin   = 2000,
+   thinning = 100,
+   n_chain  = 1000,
+   prior_theta01_mean = y[1],
+   prior_theta01_prec = 1 / var(y),
+   prior_theta02_mean = y[1] / 2,
+   prior_theta02_prec = 1 / var(y),
+   prior_theta03_mean = 0,
+   prior_theta03_prec = 1e-3,
+   prior_prec1_shape  = 1e-1,
+   prior_prec1_rate   = 1e-1,
+   prior_prec2_shape  = 1e-2,
+   prior_prec2_rate   = 1e-2,
+   prior_prec3_shape  = 1e-1,
+   prior_prec3_rate   = 1e-2,
+   prior_prec_y_shape = 1e-1,
+   prior_prec_y_rate  = 1e-1,
+   seed = 456
+ )
Killed
* checking for unstated dependencies in ‘tests’ ... WARNING
Warning: unable to access index for repository https://CRAN.R-project.org/src/contrib:
  cannot open URL 'https://CRAN.R-project.org/src/contrib/PACKAGES'
Warning: unable to access index for repository https://bioconductor.org/packages/3.18/bioc/src/contrib:
  cannot open URL 'https://bioconductor.org/packages/3.18/bioc/src/contrib/PACKAGES'
Warning: unable to access index for repository https://bioconductor.org/packages/3.18/data/annotation/src/contrib:
  cannot open URL 'https://bioconductor.org/packages/3.18/data/annotation/src/contrib/PACKAGES'
Warning: unable to access index for repository https://bioconductor.org/packages/3.18/data/experiment/src/contrib:
  cannot open URL 'https://bioconductor.org/packages/3.18/data/experiment/src/contrib/PACKAGES'
* checking tests ... ERROR
  Running ‘mcmc-tests.R’
Running the tests in ‘tests/mcmc-tests.R’ failed.
Last 13 lines of output:
  +   burnin = CONFIG$mcmc$burnin,
  +   thinning = CONFIG$mcmc$thinning,
  +   n_chain = CONFIG$mcmc$n_chain,
  +   theta_1_true = theta_1_true,    # Fixed at true values
  +   prec_1_true = prec_1_true,      # Fixed at true values
  +   prior_theta01_mean = 0.0,       # Weakly informative prior
  +   prior_theta01_prec = 1.0
  + )
  ✓ Input validation passed
  Starting MCMC with 54976 total iterations...
  Error in value[[3L]](cond) : 
    C function call failed: C symbol name "_pdm_test_mcmc_binomial_locallevel_fixed_params" not in load table
  Check that the pdm package is properly installed and loaded.
  Calls: enhanced_test_sampler ... tryCatch -> tryCatchList -> tryCatchOne -> <Anonymous>
  Execution halted
* DONE
Status: 2 ERRORs, 2 WARNINGs, 5 NOTEs
